current directory: /home/yusuke/DiaLogBook/vendor/bundle/ruby/3.2.0/gems/psych-5.3.1/ext/psych
/home/yusuke/.anyenv/envs/rbenv/versions/3.2.2/bin/ruby extconf.rb
checking for yaml.h... yes
checking for yaml_get_version() in -lyaml... yes
creating Makefile

current directory: /home/yusuke/DiaLogBook/vendor/bundle/ruby/3.2.0/gems/psych-5.3.1/ext/psych
make DESTDIR\= sitearchdir\=./.gem.20260319-1029-5y4rtr sitelibdir\=./.gem.20260319-1029-5y4rtr clean
cd libyaml && make clean
/bin/sh: 1: cd: can't cd to libyaml
make: [Makefile:283: clean-so] Error 2 (ignored)

current directory: /home/yusuke/DiaLogBook/vendor/bundle/ruby/3.2.0/gems/psych-5.3.1/ext/psych
make DESTDIR\= sitearchdir\=./.gem.20260319-1029-5y4rtr sitelibdir\=./.gem.20260319-1029-5y4rtr
compiling psych.c
compiling psych_emitter.c
compiling psych_parser.c
compiling psych_to_ruby.c
compiling psych_yaml_tree.c
linking shared-object psych.so

current directory: /home/yusuke/DiaLogBook/vendor/bundle/ruby/3.2.0/gems/psych-5.3.1/ext/psych
make DESTDIR\= sitearchdir\=./.gem.20260319-1029-5y4rtr sitelibdir\=./.gem.20260319-1029-5y4rtr install
/usr/bin/install -c -m 0755 psych.so ./.gem.20260319-1029-5y4rtr

current directory: /home/yusuke/DiaLogBook/vendor/bundle/ruby/3.2.0/gems/psych-5.3.1/ext/psych
make DESTDIR\= sitearchdir\=./.gem.20260319-1029-5y4rtr sitelibdir\=./.gem.20260319-1029-5y4rtr clean
cd libyaml && make clean
/bin/sh: 1: cd: can't cd to libyaml
make: [Makefile:283: clean-so] Error 2 (ignored)
