current directory: /home/yusuke/DiaLogBook/vendor/bundle/ruby/3.2.0/gems/date-3.5.1/ext/date
/home/yusuke/.anyenv/envs/rbenv/versions/3.2.2/bin/ruby extconf.rb
checking for rb_category_warn()... yes
checking for timezone in time.h with  -Werror... yes
checking for altzone in time.h with  -Werror... no
creating Makefile

current directory: /home/yusuke/DiaLogBook/vendor/bundle/ruby/3.2.0/gems/date-3.5.1/ext/date
make DESTDIR\= sitearchdir\=./.gem.20260319-1029-614bpr sitelibdir\=./.gem.20260319-1029-614bpr clean

current directory: /home/yusuke/DiaLogBook/vendor/bundle/ruby/3.2.0/gems/date-3.5.1/ext/date
make DESTDIR\= sitearchdir\=./.gem.20260319-1029-614bpr sitelibdir\=./.gem.20260319-1029-614bpr
compiling date_core.c
compiling date_parse.c
compiling date_strftime.c
compiling date_strptime.c
linking shared-object date_core.so

current directory: /home/yusuke/DiaLogBook/vendor/bundle/ruby/3.2.0/gems/date-3.5.1/ext/date
make DESTDIR\= sitearchdir\=./.gem.20260319-1029-614bpr sitelibdir\=./.gem.20260319-1029-614bpr install
/usr/bin/install -c -m 0755 date_core.so ./.gem.20260319-1029-614bpr

current directory: /home/yusuke/DiaLogBook/vendor/bundle/ruby/3.2.0/gems/date-3.5.1/ext/date
make DESTDIR\= sitearchdir\=./.gem.20260319-1029-614bpr sitelibdir\=./.gem.20260319-1029-614bpr clean
