current directory: /home/yusuke/DiaLogBook/vendor/bundle/ruby/3.2.0/gems/puma-7.2.0/ext/puma_http11
/home/yusuke/.anyenv/envs/rbenv/versions/3.2.2/bin/ruby extconf.rb
checking for BIO_read() in -llibcrypto... no
checking for BIO_read() in -lcrypto... yes
checking for SSL_CTX_new() in -lssl... yes
checking for openssl/bio.h... yes

──── Below are yes for 1.0.2 & later ────
checking for DTLS_method() in openssl/ssl.h... yes
checking for SSL_CTX_set_session_cache_mode(NULL, 0) in openssl/ssl.h... yes

──── Below are yes for 1.1.0 & later ────
checking for TLS_server_method() in openssl/ssl.h... yes
checking for SSL_CTX_set_min_proto_version(NULL, 0) in openssl/ssl.h... yes

──── Below is yes for 1.1.0 and later, but isn't documented until 3.0.0 ────
checking for SSL_CTX_set_dh_auto(NULL, 0) in openssl/ssl.h... yes

──── Below is yes for 1.1.1 & later ────
checking for SSL_CTX_set_ciphersuites(NULL, "") in openssl/ssl.h... yes

──── Below is yes for 3.0.0 & later ────
checking for SSL_get1_peer_certificate() in openssl/ssl.h... yes

creating Makefile

current directory: /home/yusuke/DiaLogBook/vendor/bundle/ruby/3.2.0/gems/puma-7.2.0/ext/puma_http11
make DESTDIR\= sitearchdir\=./.gem.20260319-2339-uukdxf sitelibdir\=./.gem.20260319-2339-uukdxf clean

current directory: /home/yusuke/DiaLogBook/vendor/bundle/ruby/3.2.0/gems/puma-7.2.0/ext/puma_http11
make DESTDIR\= sitearchdir\=./.gem.20260319-2339-uukdxf sitelibdir\=./.gem.20260319-2339-uukdxf
compiling http11_parser.c
compiling mini_ssl.c
compiling puma_http11.c
linking shared-object puma/puma_http11.so

current directory: /home/yusuke/DiaLogBook/vendor/bundle/ruby/3.2.0/gems/puma-7.2.0/ext/puma_http11
make DESTDIR\= sitearchdir\=./.gem.20260319-2339-uukdxf sitelibdir\=./.gem.20260319-2339-uukdxf install
/usr/bin/install -c -m 0755 puma_http11.so ./.gem.20260319-2339-uukdxf/puma

current directory: /home/yusuke/DiaLogBook/vendor/bundle/ruby/3.2.0/gems/puma-7.2.0/ext/puma_http11
make DESTDIR\= sitearchdir\=./.gem.20260319-2339-uukdxf sitelibdir\=./.gem.20260319-2339-uukdxf clean
