current directory: /home/yusuke/DiaLogBook/vendor/bundle/ruby/3.2.0/gems/json-2.19.2/ext/json/ext/parser
/home/yusuke/.anyenv/envs/rbenv/versions/3.2.2/bin/ruby extconf.rb
checking for rb_enc_interned_str() in ruby/encoding.h... yes
checking for rb_str_to_interned_str() in ruby.h... yes
checking for rb_hash_new_capa() in ruby.h... yes
checking for rb_hash_bulk_insert() in ruby.h... yes
checking for whether -std=c99 is accepted as CFLAGS... yes
checking for x86intrin.h... yes
checking for cpuid.h... yes
creating Makefile

current directory: /home/yusuke/DiaLogBook/vendor/bundle/ruby/3.2.0/gems/json-2.19.2/ext/json/ext/parser
make DESTDIR\= sitearchdir\=./.gem.20260319-1029-fudnpl sitelibdir\=./.gem.20260319-1029-fudnpl clean

current directory: /home/yusuke/DiaLogBook/vendor/bundle/ruby/3.2.0/gems/json-2.19.2/ext/json/ext/parser
make DESTDIR\= sitearchdir\=./.gem.20260319-1029-fudnpl sitelibdir\=./.gem.20260319-1029-fudnpl
compiling parser.c
linking shared-object json/ext/parser.so

current directory: /home/yusuke/DiaLogBook/vendor/bundle/ruby/3.2.0/gems/json-2.19.2/ext/json/ext/parser
make DESTDIR\= sitearchdir\=./.gem.20260319-1029-fudnpl sitelibdir\=./.gem.20260319-1029-fudnpl install
/usr/bin/install -c -m 0755 parser.so ./.gem.20260319-1029-fudnpl/json/ext

current directory: /home/yusuke/DiaLogBook/vendor/bundle/ruby/3.2.0/gems/json-2.19.2/ext/json/ext/parser
make DESTDIR\= sitearchdir\=./.gem.20260319-1029-fudnpl sitelibdir\=./.gem.20260319-1029-fudnpl clean
